warning: `...` range patterns are deprecated
 --> tests/actual_tests_bless/edition_override.rs:6:10
  |
6 |         0...10 => {}
  |          ^^^ help: use `..=` for an inclusive range
  |
  = warning: this is accepted in the current edition (Rust 2018) but is a hard error in Rust 2021!
  = note: for more information, see <https://doc.rust-lang.org/nightly/edition-guide/rust-2021/warnings-promoted-to-error.html>
  = note: `#[warn(ellipsis_inclusive_range_patterns)]` on by default

warning: 1 warning emitted

